// Jest Snapshot v1, https://goo.gl/fbAQLP

exports[`<NewUser/> snapshot 1`] = `
<View
  style={
    Object {
      "alignItems": "center",
      "backgroundColor": "#DF4425",
      "flex": 1,
      "justifyContent": "center",
    }
  }
>
  <View
    style={
      Object {
        "paddingVertical": 5,
      }
    }
  >
    <Image
      source={1}
      style={
        Object {
          "height": 150,
          "width": 150,
        }
      }
    />
  </View>
  <View
    style={
      Object {
        "paddingVertical": 5,
      }
    }
  >
    <Text
      style={
        Object {
          "fontSize": 20,
          "fontWeight": "bold",
        }
      }
    >
      JetSet Survey App
    </Text>
  </View>
  <View
    style={
      Object {
        "paddingVertical": 5,
      }
    }
  >
    <View
      accessible={true}
      isTVSelectable={true}
      onResponderGrant={[Function]}
      onResponderMove={[Function]}
      onResponderRelease={[Function]}
      onResponderTerminate={[Function]}
      onResponderTerminationRequest={[Function]}
      onStartShouldSetResponder={[Function]}
      style={
        Object {
          "alignItems": "center",
          "backgroundColor": "black",
          "opacity": 1,
          "padding": 10,
        }
      }
    >
      <Text
        style={
          Object {
            "color": "white",
            "fontWeight": "bold",
          }
        }
      >
         New User 
      </Text>
    </View>
  </View>
</View>
`;
